// Jest Snapshot v1, https://goo.gl/fbAQLP

exports[`SearchBar should render correctly 1`] = `
ShallowWrapper {
  "length": 1,
  Symbol(enzyme.__root__): [Circular],
  Symbol(enzyme.__unrendered__): <SearchBar />,
  Symbol(enzyme.__renderer__): Object {
    "batchedUpdates": [Function],
    "getNode": [Function],
    "render": [Function],
    "simulateEvent": [Function],
    "unmount": [Function],
  },
  Symbol(enzyme.__node__): Object {
    "instance": null,
    "key": undefined,
    "nodeType": "host",
    "props": Object {
      "children": <div
        className="navbar bg-nav row-flex"
>
        <p
                className="navbar-brand m-0 py-0 pr-2"
                href="#"
        >
                <img
                        alt="itunes"
                        className="d-inline-block align-center"
                        height="40"
                        src="https://www.apple.com/ac/globalnav/3/fr_FR/images/globalnav/apple/image_large.svg"
                        width="40"
                />
                iTunes
        </p>
        <form
                className="search-form my-2 my-lg-0 col-flex"
                onSubmit={[Function]}
        >
                <input
                        className="search-form__input bg-dark"
                        onChange={[Function]}
                        placeholder="Search"
                        type="search"
                        value=""
                />
                <a
                        className="search-form__button m-0 p-0"
                        href="#"
                        onClick={[Function]}
                        role="button"
                        type="submit"
                >
                        <img
                                alt="search icon"
                                src="https://icongr.am/clarity/search.svg?color=FFFFFF"
                                width="20"
                        />
                </a>
        </form>
</div>,
      "className": "justify-content-center align-items-center search-bar",
    },
    "ref": null,
    "rendered": Object {
      "instance": null,
      "key": undefined,
      "nodeType": "host",
      "props": Object {
        "children": Array [
          <p
            className="navbar-brand m-0 py-0 pr-2"
            href="#"
>
            <img
                        alt="itunes"
                        className="d-inline-block align-center"
                        height="40"
                        src="https://www.apple.com/ac/globalnav/3/fr_FR/images/globalnav/apple/image_large.svg"
                        width="40"
            />
            iTunes
</p>,
          <form
            className="search-form my-2 my-lg-0 col-flex"
            onSubmit={[Function]}
>
            <input
                        className="search-form__input bg-dark"
                        onChange={[Function]}
                        placeholder="Search"
                        type="search"
                        value=""
            />
            <a
                        className="search-form__button m-0 p-0"
                        href="#"
                        onClick={[Function]}
                        role="button"
                        type="submit"
            >
                        <img
                                    alt="search icon"
                                    src="https://icongr.am/clarity/search.svg?color=FFFFFF"
                                    width="20"
                        />
            </a>
</form>,
        ],
        "className": "navbar bg-nav row-flex",
      },
      "ref": null,
      "rendered": Array [
        Object {
          "instance": null,
          "key": undefined,
          "nodeType": "host",
          "props": Object {
            "children": Array [
              <img
                alt="itunes"
                className="d-inline-block align-center"
                height="40"
                src="https://www.apple.com/ac/globalnav/3/fr_FR/images/globalnav/apple/image_large.svg"
                width="40"
/>,
              "iTunes",
            ],
            "className": "navbar-brand m-0 py-0 pr-2",
            "href": "#",
          },
          "ref": null,
          "rendered": Array [
            Object {
              "instance": null,
              "key": undefined,
              "nodeType": "host",
              "props": Object {
                "alt": "itunes",
                "className": "d-inline-block align-center",
                "height": "40",
                "src": "https://www.apple.com/ac/globalnav/3/fr_FR/images/globalnav/apple/image_large.svg",
                "width": "40",
              },
              "ref": null,
              "rendered": null,
              "type": "img",
            },
            "iTunes",
          ],
          "type": "p",
        },
        Object {
          "instance": null,
          "key": undefined,
          "nodeType": "host",
          "props": Object {
            "children": Array [
              <input
                className="search-form__input bg-dark"
                onChange={[Function]}
                placeholder="Search"
                type="search"
                value=""
/>,
              <a
                className="search-form__button m-0 p-0"
                href="#"
                onClick={[Function]}
                role="button"
                type="submit"
>
                <img
                                alt="search icon"
                                src="https://icongr.am/clarity/search.svg?color=FFFFFF"
                                width="20"
                />
</a>,
            ],
            "className": "search-form my-2 my-lg-0 col-flex",
            "onSubmit": [Function],
          },
          "ref": null,
          "rendered": Array [
            Object {
              "instance": null,
              "key": undefined,
              "nodeType": "host",
              "props": Object {
                "className": "search-form__input bg-dark",
                "onChange": [Function],
                "placeholder": "Search",
                "type": "search",
                "value": "",
              },
              "ref": null,
              "rendered": null,
              "type": "input",
            },
            Object {
              "instance": null,
              "key": undefined,
              "nodeType": "host",
              "props": Object {
                "children": <img
                  alt="search icon"
                  src="https://icongr.am/clarity/search.svg?color=FFFFFF"
                  width="20"
/>,
                "className": "search-form__button m-0 p-0",
                "href": "#",
                "onClick": [Function],
                "role": "button",
                "type": "submit",
              },
              "ref": null,
              "rendered": Object {
                "instance": null,
                "key": undefined,
                "nodeType": "host",
                "props": Object {
                  "alt": "search icon",
                  "src": "https://icongr.am/clarity/search.svg?color=FFFFFF",
                  "width": "20",
                },
                "ref": null,
                "rendered": null,
                "type": "img",
              },
              "type": "a",
            },
          ],
          "type": "form",
        },
      ],
      "type": "div",
    },
    "type": "header",
  },
  Symbol(enzyme.__nodes__): Array [
    Object {
      "instance": null,
      "key": undefined,
      "nodeType": "host",
      "props": Object {
        "children": <div
          className="navbar bg-nav row-flex"
>
          <p
                    className="navbar-brand m-0 py-0 pr-2"
                    href="#"
          >
                    <img
                              alt="itunes"
                              className="d-inline-block align-center"
                              height="40"
                              src="https://www.apple.com/ac/globalnav/3/fr_FR/images/globalnav/apple/image_large.svg"
                              width="40"
                    />
                    iTunes
          </p>
          <form
                    className="search-form my-2 my-lg-0 col-flex"
                    onSubmit={[Function]}
          >
                    <input
                              className="search-form__input bg-dark"
                              onChange={[Function]}
                              placeholder="Search"
                              type="search"
                              value=""
                    />
                    <a
                              className="search-form__button m-0 p-0"
                              href="#"
                              onClick={[Function]}
                              role="button"
                              type="submit"
                    >
                              <img
                                        alt="search icon"
                                        src="https://icongr.am/clarity/search.svg?color=FFFFFF"
                                        width="20"
                              />
                    </a>
          </form>
</div>,
        "className": "justify-content-center align-items-center search-bar",
      },
      "ref": null,
      "rendered": Object {
        "instance": null,
        "key": undefined,
        "nodeType": "host",
        "props": Object {
          "children": Array [
            <p
              className="navbar-brand m-0 py-0 pr-2"
              href="#"
>
              <img
                            alt="itunes"
                            className="d-inline-block align-center"
                            height="40"
                            src="https://www.apple.com/ac/globalnav/3/fr_FR/images/globalnav/apple/image_large.svg"
                            width="40"
              />
              iTunes
</p>,
            <form
              className="search-form my-2 my-lg-0 col-flex"
              onSubmit={[Function]}
>
              <input
                            className="search-form__input bg-dark"
                            onChange={[Function]}
                            placeholder="Search"
                            type="search"
                            value=""
              />
              <a
                            className="search-form__button m-0 p-0"
                            href="#"
                            onClick={[Function]}
                            role="button"
                            type="submit"
              >
                            <img
                                          alt="search icon"
                                          src="https://icongr.am/clarity/search.svg?color=FFFFFF"
                                          width="20"
                            />
              </a>
</form>,
          ],
          "className": "navbar bg-nav row-flex",
        },
        "ref": null,
        "rendered": Array [
          Object {
            "instance": null,
            "key": undefined,
            "nodeType": "host",
            "props": Object {
              "children": Array [
                <img
                  alt="itunes"
                  className="d-inline-block align-center"
                  height="40"
                  src="https://www.apple.com/ac/globalnav/3/fr_FR/images/globalnav/apple/image_large.svg"
                  width="40"
/>,
                "iTunes",
              ],
              "className": "navbar-brand m-0 py-0 pr-2",
              "href": "#",
            },
            "ref": null,
            "rendered": Array [
              Object {
                "instance": null,
                "key": undefined,
                "nodeType": "host",
                "props": Object {
                  "alt": "itunes",
                  "className": "d-inline-block align-center",
                  "height": "40",
                  "src": "https://www.apple.com/ac/globalnav/3/fr_FR/images/globalnav/apple/image_large.svg",
                  "width": "40",
                },
                "ref": null,
                "rendered": null,
                "type": "img",
              },
              "iTunes",
            ],
            "type": "p",
          },
          Object {
            "instance": null,
            "key": undefined,
            "nodeType": "host",
            "props": Object {
              "children": Array [
                <input
                  className="search-form__input bg-dark"
                  onChange={[Function]}
                  placeholder="Search"
                  type="search"
                  value=""
/>,
                <a
                  className="search-form__button m-0 p-0"
                  href="#"
                  onClick={[Function]}
                  role="button"
                  type="submit"
>
                  <img
                                    alt="search icon"
                                    src="https://icongr.am/clarity/search.svg?color=FFFFFF"
                                    width="20"
                  />
</a>,
              ],
              "className": "search-form my-2 my-lg-0 col-flex",
              "onSubmit": [Function],
            },
            "ref": null,
            "rendered": Array [
              Object {
                "instance": null,
                "key": undefined,
                "nodeType": "host",
                "props": Object {
                  "className": "search-form__input bg-dark",
                  "onChange": [Function],
                  "placeholder": "Search",
                  "type": "search",
                  "value": "",
                },
                "ref": null,
                "rendered": null,
                "type": "input",
              },
              Object {
                "instance": null,
                "key": undefined,
                "nodeType": "host",
                "props": Object {
                  "children": <img
                    alt="search icon"
                    src="https://icongr.am/clarity/search.svg?color=FFFFFF"
                    width="20"
/>,
                  "className": "search-form__button m-0 p-0",
                  "href": "#",
                  "onClick": [Function],
                  "role": "button",
                  "type": "submit",
                },
                "ref": null,
                "rendered": Object {
                  "instance": null,
                  "key": undefined,
                  "nodeType": "host",
                  "props": Object {
                    "alt": "search icon",
                    "src": "https://icongr.am/clarity/search.svg?color=FFFFFF",
                    "width": "20",
                  },
                  "ref": null,
                  "rendered": null,
                  "type": "img",
                },
                "type": "a",
              },
            ],
            "type": "form",
          },
        ],
        "type": "div",
      },
      "type": "header",
    },
  ],
  Symbol(enzyme.__options__): Object {
    "adapter": ReactSixteenAdapter {
      "options": Object {
        "enableComponentDidUpdateOnSetState": true,
      },
    },
  },
}
`;
